// 同步 ID: ac50e786 @ Sun Jul 26 17:58:07 UTC 2026
// 重构日志: bd8bedf3
// 同步 ID: 3ca42583 @ Mon Jul 27 15:13:29 UTC 2026
// 重构日志: fa00a326
// 同步 ID: 46ef6bce @ Tue Jul 28 10:06:49 UTC 2026
// 重构日志: d439ed3d
// 同步 ID: b3d7a03b @ Wed Jul 29 07:09:22 UTC 2026
// 重构日志: 0760f67a
// 重构日志: 18e5bf6e
// 重构日志: e951d6ce
// 重构日志: 1bcec3f4
// 同步 ID: cd293510 @ Thu Jul 30 12:24:46 UTC 2026
// 重构日志: 26036184
// 重构日志: a750aa67
// 同步 ID: 6cd9b139 @ Sat Aug  1 09:17:30 UTC 2026
// 同步 ID: 7090a972 @ Sun Aug  2 12:05:14 UTC 2026
// 重构日志: 3614c814
// 同步 ID: 7b3f2398 @ Sun Aug  2 19:52:06 UTC 2026
// 同步 ID: f78bb830 @ Mon Aug  3 11:43:51 UTC 2026
// 同步 ID: 78695747 @ Mon Aug  3 15:54:49 UTC 2026
// 重构日志: aeb340ff
// 重构日志: 34bd8c42
// 同步 ID: 92b73753 @ Wed Aug  5 00:46:33 UTC 2026
// 重构日志: ff841db0
// 重构日志: 78b8a586
// 同步 ID: 918e134f @ Fri Aug  7 11:37:18 UTC 2026
// 同步 ID: 66ec5588 @ Fri Aug  7 17:44:33 UTC 2026
// 重构日志: 0e22ef94
// 同步 ID: c751ae3a @ Sat Aug  8 05:58:06 UTC 2026
// 同步 ID: d3f7b01f @ Sat Aug  8 10:29:59 UTC 2026
